U1ARX   F   2
U1ATX   F   8
C3IO3   E   8
SDO1    D   0
C2IO2   D   1
SDCS    D   2
ETHNRST E   9
C4IO2   D   12
C3IO2   D   3
C5IO2B  D   4
SDI1    C   4
SCL2    A   2
SDA2    A   3
U3BTX   F   13
U3BRX   F   12
U3ATX   F   5
U3ARX   F   4
U1BTX   D   15
U1BRX   D   14
C5IO3   A   15
C4IO3   A   14
C3IO0   C   2
C4IO0   C   3
PROG    G   15
C4ADR   G   7
C2ADR   E   7
C1ADR   E   6
C0ADR   E   5
C5IO4   E   4
C4IO4   E   3
C3IO4   E   2
C5IO2   E   1
LED1    E   0
SCK1    D   10
C4IO1   D   5
ERXERR  B   11
EXRD1   B   13
ERXD0   B   12
ERXDV   G   8
CCADR   A   10
ETXD1   F   0
ETXD0   F   1
ETXEN   D   6
EMDIO   D   8
EMDC    D   11
ERXDV   G   8
C3ADR   G   6
ERXCLK  G   9
C1IO3   B   0
C0IO3   B   1
C1IO1   B   2
C1IO0   B   3
C0IO1   B   4
PGC     B   6
PGD     B   7
C0IO2   B   8
C1IO2   B   9
C2IO1   B   10
C0IO0   B   14
CLIO0   B   15
C2IO3   A   0
CCIO0   A   1
CS3     A   4
CS2     A   5
SS1     D   9
C3IO0   D   13
SDINS   D   7
C5IO0B  G   1
C5IO1   G   0
C5IO0   A   6
LED2    A   7
C0IO4   G   14
C1IO4   G   12
C2IO4   G   13
C5ADR   A   9
C2IO0   C   1
